
> altin-masasi@0.0.0 build
> tsc -b && vite build

[36mvite v7.3.1 [32mbuilding client environment for production...[36m[39m
transforming...
[32m✓[39m 1912 modules transformed.
[31m✗[39m Build failed in 1.36s
[31merror during build:
[31m[vite]: Rollup failed to resolve import "react-is" from "C:/Users/Ted Goehring/Desktop/Ted/Domain/GoldWebApp/node_modules/recharts/es6/util/ReactUtils.js".
This is most likely unintended because it can break your application at runtime.
If you do want to externalize this module explicitly add it to
`build.rollupOptions.external`[31m
    at viteLog (file:///C:/Users/Ted%20Goehring/Desktop/Ted/Domain/GoldWebApp/node_modules/vite/dist/node/chunks/config.js:33635:57)
    at file:///C:/Users/Ted%20Goehring/Desktop/Ted/Domain/GoldWebApp/node_modules/vite/dist/node/chunks/config.js:33669:73
    at onwarn (file:///C:/Users/Ted%20Goehring/Desktop/Ted/Domain/GoldWebApp/node_modules/@vitejs/plugin-react/dist/index.js:76:7)
    at file:///C:/Users/Ted%20Goehring/Desktop/Ted/Domain/GoldWebApp/node_modules/vite/dist/node/chunks/config.js:33669:28
    at onRollupLog (file:///C:/Users/Ted%20Goehring/Desktop/Ted/Domain/GoldWebApp/node_modules/vite/dist/node/chunks/config.js:33664:63)
    at onLog (file:///C:/Users/Ted%20Goehring/Desktop/Ted/Domain/GoldWebApp/node_modules/vite/dist/node/chunks/config.js:33467:4)
    at file:///C:/Users/Ted%20Goehring/Desktop/Ted/Domain/GoldWebApp/node_modules/rollup/dist/es/shared/node-entry.js:21081:32
    at Object.logger [as onLog] (file:///C:/Users/Ted%20Goehring/Desktop/Ted/Domain/GoldWebApp/node_modules/rollup/dist/es/shared/node-entry.js:22968:9)
    at ModuleLoader.handleInvalidResolvedId (file:///C:/Users/Ted%20Goehring/Desktop/Ted/Domain/GoldWebApp/node_modules/rollup/dist/es/shared/node-entry.js:21712:26)
    at file:///C:/Users/Ted%20Goehring/Desktop/Ted/Domain/GoldWebApp/node_modules/rollup/dist/es/shared/node-entry.js:21670:26[39m
